// Jest Snapshot v1, https://goo.gl/fbAQLP

exports[`/Users/Raiden/development/ANIMATIONS/shape-morph-ideas/__tests__/components/ErrorBoundary.spec.tsx should render without crashing 1`] = `
<DocumentFragment>
  <div>
    Child
  </div>
</DocumentFragment>
`;
