// Jest Snapshot v1, https://goo.gl/fbAQLP

exports[`/Users/Raiden/development/ANIMATIONS/shape-morph-ideas/__tests__/components/Spinner.spec.tsx should render without crashing 1`] = `
<DocumentFragment>
  <div
    class="Spinner "
    data-testid="spinner"
  >
    <div
      class="sk-circle1 sk-circle"
    />
    <div
      class="sk-circle2 sk-circle"
    />
    <div
      class="sk-circle3 sk-circle"
    />
    <div
      class="sk-circle4 sk-circle"
    />
    <div
      class="sk-circle5 sk-circle"
    />
    <div
      class="sk-circle6 sk-circle"
    />
    <div
      class="sk-circle7 sk-circle"
    />
    <div
      class="sk-circle8 sk-circle"
    />
    <div
      class="sk-circle9 sk-circle"
    />
    <div
      class="sk-circle10 sk-circle"
    />
    <div
      class="sk-circle11 sk-circle"
    />
    <div
      class="sk-circle12 sk-circle"
    />
  </div>
</DocumentFragment>
`;
